[2026-08-10T06:49:45.968Z] ============================================================
[2026-08-10T06:49:45.969Z] [START] MKT Phase 2 FATAL-POINTER-STORE-CALL-GUARD
[2026-08-10T06:49:45.969Z] [INFO] Firebase dual-event patch enabled
[2026-08-10T06:49:45.969Z] [INFO] poison-pointer store + fatal blr x8 will both be patched to nop
[2026-08-10T06:49:45.969Z] [INFO] no crash-site Interceptor hook
[2026-08-10T06:49:45.969Z] [IL2CPP] polling for Firebase patches + fatal pointer STORE+CALL guard
[2026-08-10T06:49:45.969Z] [INFO] patch delay after libil2cpp detection = 1500ms
[2026-08-10T06:49:46.187Z] ============================================================
[2026-08-10T06:49:46.187Z] [START] MKT Phase 2 FATAL-POINTER-STORE-CALL-GUARD
[2026-08-10T06:49:46.187Z] [INFO] Firebase dual-event patch enabled
[2026-08-10T06:49:46.187Z] [INFO] poison-pointer store + fatal blr x8 will both be patched to nop
[2026-08-10T06:49:46.187Z] [INFO] no crash-site Interceptor hook
[2026-08-10T06:49:46.187Z] [IL2CPP] polling for Firebase patches + fatal pointer STORE+CALL guard
[2026-08-10T06:49:46.187Z] [INFO] patch delay after libil2cpp detection = 1500ms
[2026-08-10T06:49:46.690Z] [IL2CPP] detected base=0x7ac295f000 size=121884672
[2026-08-10T06:49:48.199Z] [IL2CPP] metadata API ready
[2026-08-10T06:49:48.348Z] [META] Firebase.Messaging.FirebaseMessaging::add_MessageReceived params=1 returnType=System.Void
[2026-08-10T06:49:48.350Z] [PATCH] Firebase.Messaging.FirebaseMessaging::add_MessageReceived -> ret at 0x7ac625e1cc
[2026-08-10T06:49:48.350Z] [META] Firebase.Messaging.FirebaseMessaging::add_TokenReceived params=1 returnType=System.Void
[2026-08-10T06:49:48.351Z] [PATCH] Firebase.Messaging.FirebaseMessaging::add_TokenReceived -> ret at 0x7ac6ed1b54
[2026-08-10T06:49:48.355Z] [READY] Firebase dual-event patch MessageReceived=true TokenReceived=true
[2026-08-10T06:49:48.355Z] [FATAL-GUARD] store before 0x7ac696ff18 ins="nop"
[2026-08-10T06:49:48.355Z] [FATAL-GUARD] call  before 0x7ac696ff1c ins="nop"
[2026-08-10T06:49:48.355Z] [FATAL-GUARD] expected str x8,[x20,#0x5d8]; refusing patch
[2026-08-10T06:49:54.643Z] ============================================================
[2026-08-10T06:49:54.643Z] [START] MKT Phase 2 FATAL-POINTER-STORE-CALL-GUARD
[2026-08-10T06:49:54.643Z] [INFO] Firebase dual-event patch enabled
[2026-08-10T06:49:54.643Z] [INFO] poison-pointer store + fatal blr x8 will both be patched to nop
[2026-08-10T06:49:54.643Z] [INFO] no crash-site Interceptor hook
[2026-08-10T06:49:54.643Z] [IL2CPP] polling for Firebase patches + fatal pointer STORE+CALL guard
[2026-08-10T06:49:54.643Z] [INFO] patch delay after libil2cpp detection = 1500ms
[2026-08-10T06:49:55.144Z] [IL2CPP] detected base=0x7ac0c44000 size=121884672
[2026-08-10T06:49:56.648Z] [IL2CPP] metadata API ready
[2026-08-10T06:49:56.804Z] [META] Firebase.Messaging.FirebaseMessaging::add_MessageReceived params=1 returnType=System.Void
[2026-08-10T06:49:56.806Z] [PATCH] Firebase.Messaging.FirebaseMessaging::add_MessageReceived -> ret at 0x7ac45431cc
[2026-08-10T06:49:56.806Z] [META] Firebase.Messaging.FirebaseMessaging::add_TokenReceived params=1 returnType=System.Void
[2026-08-10T06:49:56.807Z] [PATCH] Firebase.Messaging.FirebaseMessaging::add_TokenReceived -> ret at 0x7ac51b6b54
[2026-08-10T06:49:56.811Z] [READY] Firebase dual-event patch MessageReceived=true TokenReceived=true
[2026-08-10T06:49:56.812Z] [FATAL-GUARD] store before 0x7ac4c54f18 ins="str x8, [x20, #0x5d8]"
[2026-08-10T06:49:56.812Z] [FATAL-GUARD] call  before 0x7ac4c54f1c ins="blr x8"
[2026-08-10T06:49:56.812Z] [FATAL-GUARD] store after 0x7ac4c54f18 ins="nop"
[2026-08-10T06:49:56.812Z] [FATAL-GUARD] call  after 0x7ac4c54f1c ins="nop"
[2026-08-10T06:49:56.813Z] [READY] fatal pointer STORE+CALL guard active
[2026-08-10T06:49:56.813Z] [INFO] patched libil2cpp +0x4010f18: str x8,[x20,#0x5d8] -> nop
[2026-08-10T06:49:56.813Z] [INFO] patched libil2cpp +0x4010f1c: blr x8 -> nop
[2026-08-10T06:55:45.349Z] ============================================================
[2026-08-10T06:55:45.349Z] [START] MKT Phase 2 FATAL-POINTER-STORE-CALL-GUARD
[2026-08-10T06:55:45.349Z] [INFO] Firebase dual-event patch enabled
[2026-08-10T06:55:45.349Z] [INFO] poison-pointer store + fatal blr x8 will both be patched to nop
[2026-08-10T06:55:45.349Z] [INFO] no crash-site Interceptor hook
[2026-08-10T06:55:45.349Z] [IL2CPP] polling for Firebase patches + fatal pointer STORE+CALL guard
[2026-08-10T06:55:45.349Z] [INFO] patch delay after libil2cpp detection = 1500ms
[2026-08-10T06:55:45.852Z] [IL2CPP] detected base=0x7a31362000 size=121884672
[2026-08-10T06:55:47.355Z] [IL2CPP] metadata API ready
[2026-08-10T06:55:47.536Z] [META] Firebase.Messaging.FirebaseMessaging::add_MessageReceived params=1 returnType=System.Void
[2026-08-10T06:55:47.538Z] [PATCH] Firebase.Messaging.FirebaseMessaging::add_MessageReceived -> ret at 0x7a34c611cc
[2026-08-10T06:55:47.538Z] [META] Firebase.Messaging.FirebaseMessaging::add_TokenReceived params=1 returnType=System.Void
[2026-08-10T06:55:47.540Z] [PATCH] Firebase.Messaging.FirebaseMessaging::add_TokenReceived -> ret at 0x7a358d4b54
[2026-08-10T06:55:47.602Z] [READY] Firebase dual-event patch MessageReceived=true TokenReceived=true
[2026-08-10T06:55:47.604Z] [FATAL-GUARD] store before 0x7a35372f18 ins="str x8, [x20, #0x5d8]"
[2026-08-10T06:55:47.604Z] [FATAL-GUARD] call  before 0x7a35372f1c ins="blr x8"
[2026-08-10T06:55:47.607Z] [FATAL-GUARD] store after 0x7a35372f18 ins="nop"
[2026-08-10T06:55:47.608Z] [FATAL-GUARD] call  after 0x7a35372f1c ins="nop"
[2026-08-10T06:55:47.608Z] [READY] fatal pointer STORE+CALL guard active
[2026-08-10T06:55:47.608Z] [INFO] patched libil2cpp +0x4010f18: str x8,[x20,#0x5d8] -> nop
[2026-08-10T06:55:47.608Z] [INFO] patched libil2cpp +0x4010f1c: blr x8 -> nop
