[2026-08-10T06:49:45.969Z] ============================================================
[2026-08-10T06:49:45.970Z] [START] MKT MenuHandler v3 ISOLATION
[2026-08-10T06:49:45.970Z] [INFO] no touch hooks
[2026-08-10T06:49:45.970Z] [INFO] no IL2CPP scan
[2026-08-10T06:49:45.970Z] [INFO] no native hooks
[2026-08-10T06:49:46.188Z] ============================================================
[2026-08-10T06:49:46.188Z] [START] MKT MenuHandler v3 ISOLATION
[2026-08-10T06:49:46.188Z] [INFO] no touch hooks
[2026-08-10T06:49:46.188Z] [INFO] no IL2CPP scan
[2026-08-10T06:49:46.188Z] [INFO] no native hooks
[2026-08-10T06:49:54.644Z] ============================================================
[2026-08-10T06:49:54.644Z] [START] MKT MenuHandler v3 ISOLATION
[2026-08-10T06:49:54.644Z] [INFO] no touch hooks
[2026-08-10T06:49:54.644Z] [INFO] no IL2CPP scan
[2026-08-10T06:49:54.644Z] [INFO] no native hooks
[2026-08-10T06:55:45.350Z] ============================================================
[2026-08-10T06:55:45.350Z] [START] MKT MenuHandler v3 ISOLATION
[2026-08-10T06:55:45.350Z] [INFO] no touch hooks
[2026-08-10T06:55:45.350Z] [INFO] no IL2CPP scan
[2026-08-10T06:55:45.350Z] [INFO] no native hooks
